[g3_cli] target=czhopceorfqxdbfvlnap scratch=735a07e6 migrations=47 cmd=supabase db push --linked
Connecting to remote database...
Applying migration 20260420164527_b77126f1-bb84-4159-b1fb-f2afdec08e57.sql...
Applying migration 20260420180818_7a01fd3e-0104-4965-abac-0c5a82d7c211.sql...
Applying migration 20260420185521_21bbb9a8-d476-47a3-9f93-ff124498690f.sql...
Applying migration 20260421114636_email_infra.sql...
Applying migration 20260421161610_22dce577-bd18-4935-b1d9-f69bab0e9baa.sql...
Applying migration 20260424105940_a5120816-6072-47f6-93ba-7b47d8dad9f0.sql...
Applying migration 20260609222025_bdb5b3b6-c96a-419f-81a9-ae7ae890f8a4.sql...
Applying migration 20260705190000_email_queue_function_bootstrap.sql...
Applying migration 20260705194258_92b6877b-2f4a-467a-b760-1f07c9da2b88.sql...
Applying migration 20260713194944_827e4226-9add-446e-8187-8847b31fdb43.sql...
Applying migration 20260713233226_b69d9b9c-0d4b-41a2-aadf-be2e1dc62989.sql...
Applying migration 20260713234628_80a1f085-97c9-4203-b9c6-14d9757594d7.sql...
Applying migration 20260720110000_backend_safety_and_email_delivery.sql...
Applying migration 20260720120000_atomic_journey_lifecycle.sql...
Applying migration 20260722125647_ba18be93-f106-4af5-b0c2-33fe3530e387.sql...
Applying migration 20260722171954_6bdf8161-ead9-4d37-9eda-1bd0885970c9.sql...
Applying migration 20260722174041_37b9ba1d-4d61-4e1b-a005-b21b9672b2bc.sql...
Applying migration 20260722234334_c585ba25-c3b8-4337-a2e9-84f00e81db98.sql...
Applying migration 20260723203737_e829807c-ad7d-46f9-8aaa-f14bdf06a8a1.sql...
Applying migration 20260723205827_4bab286b-279e-49f9-8f7b-d37f847a2e38.sql...
Applying migration 20260724111437_872b902f-13a9-4ed5-b270-b9411852e5c8.sql...
Applying migration 20260726222841_b327cb2c-f0ad-4a0d-8947-50c84d612057.sql...
Applying migration 20260726225957_db7b9a70-4cc6-412c-a806-17cd7a41b834.sql...
Applying migration 20260727001939_bb8ef52a-cbd5-4161-be79-cd6a1aad12f3.sql...
Applying migration 20260727033339_3e7acefb-23dc-4e52-98ee-2e980bb40b33.sql...
Applying migration 20260803155056_f567ad5c-37d0-40c5-9346-e66b55bc702c.sql...
Applying migration 20260803223721_36e0ca61-85e6-4751-afd3-475265d52228.sql...
Applying migration 20260803223743_a0c7e8e6-5b4d-422b-b6e6-4c8b9b5a5e32.sql...
Applying migration 20260803231512_064400a9-1a4d-4e03-8d92-f6a155bb1dd7.sql...
Applying migration 20260804110355_b63245a6-5730-4886-9578-1db000569e47.sql...
Applying migration 20260804174500_d61c28cc-d872-4abe-bf13-0121ad5b31ed.sql...
Applying migration 20260806035928_a2f5673f-95e1-44a5-bf40-b355bfb31db7.sql...
Applying migration 20260806043343_dca6d258-64ad-414a-8a6c-4d6004a77e0c.sql...
Applying migration 20260806202830_9f726229-d32b-4bd3-bda0-7bb8f1e6bdb6.sql...
Applying migration 20260806211235_bff88a0a-5ff5-45ac-bbad-f429538c8662.sql...
Applying migration 20260810130036_bde11bfb-5e48-4faa-9633-0178b390bccc.sql...
Applying migration 20260813213004_25af0572-b0a1-4781-869b-bfd447fb94e0.sql...
Applying migration 20260813213029_87aa29b1-8be6-46fa-9c84-df5e512ae2fe.sql...
Applying migration 20260818161415_96b5742f-438b-442e-9991-a78e2e4f8caa.sql...
Applying migration 20260818174001_90c992b7-9271-4404-b2bc-9f5727805aec.sql...
Applying migration 20260819193611_375dae09-5cc2-4ce4-abfc-79f38c11d8f7.sql...
Applying migration 20260903120311_1d397ebf-7da0-404b-80e9-7afe6fe67d26.sql...
Applying migration 20260903125001_3a99149d-e79f-45f0-ada2-02f9c3f05476.sql...
Applying migration 20260903125016_a2551ea2-3009-4d3c-8bbc-3b31d2ae5a17.sql...
Applying migration 20260908031716_f68c6151-7bde-4b23-a75f-ded49fe609c5.sql...
Applying migration 20260915224231_f9d51a56-e7f7-403e-b1d8-1867e486d85c.sql...
Applying migration 20260915224603_ee05d648-f125-4e48-8a2d-a55e6ee42b17.sql...
{"upToDate":false,"dryRun":false,"migrations":["20260420164527_b77126f1-bb84-4159-b1fb-f2afdec08e57.sql","20260420180818_7a01fd3e-0104-4965-abac-0c5a82d7c211.sql","20260420185521_21bbb9a8-d476-47a3-9f93-ff124498690f.sql","20260421114636_email_infra.sql","20260421161610_22dce577-bd18-4935-b1d9-f69bab0e9baa.sql","20260424105940_a5120816-6072-47f6-93ba-7b47d8dad9f0.sql","20260609222025_bdb5b3b6-c96a-419f-81a9-ae7ae890f8a4.sql","20260705190000_email_queue_function_bootstrap.sql","20260705194258_92b6877b-2f4a-467a-b760-1f07c9da2b88.sql","20260713194944_827e4226-9add-446e-8187-8847b31fdb43.sql","20260713233226_b69d9b9c-0d4b-41a2-aadf-be2e1dc62989.sql","20260713234628_80a1f085-97c9-4203-b9c6-14d9757594d7.sql","20260720110000_backend_safety_and_email_delivery.sql","20260720120000_atomic_journey_lifecycle.sql","20260722125647_ba18be93-f106-4af5-b0c2-33fe3530e387.sql","20260722171954_6bdf8161-ead9-4d37-9eda-1bd0885970c9.sql","20260722174041_37b9ba1d-4d61-4e1b-a005-b21b9672b2bc.sql","20260722234334_c585ba25-c3b8-4337-a2e9-84f00e81db98.sql","20260723203737_e829807c-ad7d-46f9-8aaa-f14bdf06a8a1.sql","20260723205827_4bab286b-279e-49f9-8f7b-d37f847a2e38.sql","20260724111437_872b902f-13a9-4ed5-b270-b9411852e5c8.sql","20260726222841_b327cb2c-f0ad-4a0d-8947-50c84d612057.sql","20260726225957_db7b9a70-4cc6-412c-a806-17cd7a41b834.sql","20260727001939_bb8ef52a-cbd5-4161-be79-cd6a1aad12f3.sql","20260727033339_3e7acefb-23dc-4e52-98ee-2e980bb40b33.sql","20260803155056_f567ad5c-37d0-40c5-9346-e66b55bc702c.sql","20260803223721_36e0ca61-85e6-4751-afd3-475265d52228.sql","20260803223743_a0c7e8e6-5b4d-422b-b6e6-4c8b9b5a5e32.sql","20260803231512_064400a9-1a4d-4e03-8d92-f6a155bb1dd7.sql","20260804110355_b63245a6-5730-4886-9578-1db000569e47.sql","20260804174500_d61c28cc-d872-4abe-bf13-0121ad5b31ed.sql","20260806035928_a2f5673f-95e1-44a5-bf40-b355bfb31db7.sql","20260806043343_dca6d258-64ad-414a-8a6c-4d6004a77e0c.sql","20260806202830_9f726229-d32b-4bd3-bda0-7bb8f1e6bdb6.sql","20260806211235_bff88a0a-5ff5-45ac-bbad-f429538c8662.sql","20260810130036_bde11bfb-5e48-4faa-9633-0178b390bccc.sql","20260813213004_25af0572-b0a1-4781-869b-bfd447fb94e0.sql","20260813213029_87aa29b1-8be6-46fa-9c84-df5e512ae2fe.sql","20260818161415_96b5742f-438b-442e-9991-a78e2e4f8caa.sql","20260818174001_90c992b7-9271-4404-b2bc-9f5727805aec.sql","20260819193611_375dae09-5cc2-4ce4-abfc-79f38c11d8f7.sql","20260903120311_1d397ebf-7da0-404b-80e9-7afe6fe67d26.sql","20260903125001_3a99149d-e79f-45f0-ada2-02f9c3f05476.sql","20260903125016_a2551ea2-3009-4d3c-8bbc-3b31d2ae5a17.sql","20260908031716_f68c6151-7bde-4b23-a75f-ded49fe609c5.sql","20260915224231_f9d51a56-e7f7-403e-b1d8-1867e486d85c.sql","20260915224603_ee05d648-f125-4e48-8a2d-a55e6ee42b17.sql"],"seeds":[],"roles":[],"message":"Finished supabase db push."}
