[c2_psql_notx] file=C2_star_H_psql.sql sha256=cffbca47cbabeffaedc37a9ee4a28574476ebbcb73324428bf376788551809d4
[c2_psql_notx] mode=direct host=db.dlftnirrnirlkhxpofoq.supabase.co user=postgres db=postgres port=5432 target=dlftnirrnirlkhxpofoq
=== C1.16 star H psql start
BEGIN;
BEGIN
SET LOCAL lock_timeout = '5s';
SET
set local role authenticated;
SET
select set_config('request.jwt.claim.sub', 'f5d043b9-a04c-4195-8d94-ed0f0c487516', true);
              set_config              
--------------------------------------
 f5d043b9-a04c-4195-8d94-ed0f0c487516

select set_config('request.jwt.claims', '{"sub":"f5d043b9-a04c-4195-8d94-ed0f0c487516","role":"authenticated"}', true);
                              set_config                               
-----------------------------------------------------------------------
 {"sub":"f5d043b9-a04c-4195-8d94-ed0f0c487516","role":"authenticated"}

select current_user, session_user, auth.uid() as auth_uid, current_setting('row_security') as row_security;
 current_user  | session_user |               auth_uid               | row_security 
---------------+--------------+--------------------------------------+--------------
 authenticated | postgres     | f5d043b9-a04c-4195-8d94-ed0f0c487516 | on

### CASE H-1|authenticated A|SELECT own episodes|OK
select id, user_id, status from public.pregnancy_episodes order by id;
                  id                  |               user_id                | status 
--------------------------------------+--------------------------------------+--------
 00000000-0000-4c10-8000-00000000ea01 | f5d043b9-a04c-4195-8d94-ed0f0c487516 | active

### CASE H-2|authenticated A|SELECT where user_id = B|OK
select count(*) as rows_visible_for_b_filter from public.pregnancy_episodes where user_id = '1d9fc1ea-2b56-4d1f-acbb-357dc92dbc00';
 rows_visible_for_b_filter 
---------------------------
                         0

### CASE H-3|authenticated A|INSERT episode for A|42501
savepoint s3;
SAVEPOINT
insert into public.pregnancy_episodes (id, user_id, lmp_date, due_date, status, ended_at, outcome_date) values ('00000000-0000-4c10-8000-00000000ec16', 'f5d043b9-a04c-4195-8d94-ed0f0c487516', date '2025-01-01', date '2025-10-08', 'given_birth', timestamptz '2025-10-01T10:00:00Z', date '2025-10-01');
psql:C2_star_H_psql.sql:18: ERROR:  42501: permission denied for table pregnancy_episodes
HINT:  Grant the required privileges to the current role with: GRANT INSERT ON public.pregnancy_episodes TO authenticated;
LOCATION:  aclcheck_error, aclchk.c:2843
rollback to savepoint s3;
ROLLBACK
### CASE H-4|authenticated A|UPDATE own episode|42501
savepoint s4;
SAVEPOINT
update public.pregnancy_episodes set expected_count = 2 where id = '00000000-0000-4c10-8000-00000000ea01';
psql:C2_star_H_psql.sql:22: ERROR:  42501: permission denied for table pregnancy_episodes
HINT:  Grant the required privileges to the current role with: GRANT UPDATE ON public.pregnancy_episodes TO authenticated;
LOCATION:  aclcheck_error, aclchk.c:2843
rollback to savepoint s4;
ROLLBACK
### CASE H-5|authenticated A|DELETE own episode|42501
savepoint s5;
SAVEPOINT
delete from public.pregnancy_episodes where id = '00000000-0000-4c10-8000-00000000ea01';
psql:C2_star_H_psql.sql:26: ERROR:  42501: permission denied for table pregnancy_episodes
HINT:  Grant the required privileges to the current role with: GRANT DELETE ON public.pregnancy_episodes TO authenticated;
LOCATION:  aclcheck_error, aclchk.c:2843
rollback to savepoint s5;
ROLLBACK
reset role;
RESET
ROLLBACK;
ROLLBACK
=== C1.16 star H psql end
[c2_psql_notx] exit=0
