[c1_psql_notx] file=C1_12_grant_rls_corroboration.sql sha256=b0c1c99f31657a58c987c517a25da0d6c40ce62d2e3696cc01809c84bdc5a25c
[c1_psql_notx] mode=direct host=db.wwtcnbjhttjtklpxhrkd.supabase.co user=postgres db=postgres port=5432 target=wwtcnbjhttjtklpxhrkd
=== C1.12 psql corroboration start
select now() as started_at, current_user, session_user, (select project_ref || ' / ' || run_label from public.c1_rehearsal_marker) as marker;
          started_at           | current_user | session_user |                marker                 
-------------------------------+--------------+--------------+---------------------------------------
 2026-10-05 21:47:28.205169+00 | postgres     | postgres     | wwtcnbjhttjtklpxhrkd / 41B.1A-C1-run1

BEGIN;
BEGIN
SET LOCAL lock_timeout = '5s';
SET
set local role authenticated;
SET
select set_config('request.jwt.claim.sub', 'b09cd318-8f3e-4853-8d97-fc10267b3d69', true);
              set_config              
--------------------------------------
 b09cd318-8f3e-4853-8d97-fc10267b3d69

select set_config('request.jwt.claims', '{"sub":"b09cd318-8f3e-4853-8d97-fc10267b3d69","role":"authenticated"}', true);
                              set_config                               
-----------------------------------------------------------------------
 {"sub":"b09cd318-8f3e-4853-8d97-fc10267b3d69","role":"authenticated"}

### CASE CTX|context after role switch|OK
select current_user, session_user, auth.uid() as auth_uid, current_setting('request.jwt.claim.sub', true) as claim_sub, current_setting('request.jwt.claims', true) as claims, current_setting('row_security') as row_security;
 current_user  | session_user |               auth_uid               |              claim_sub               |                                claims                                 | row_security 
---------------+--------------+--------------------------------------+--------------------------------------+-----------------------------------------------------------------------+--------------
 authenticated | postgres     | b09cd318-8f3e-4853-8d97-fc10267b3d69 | b09cd318-8f3e-4853-8d97-fc10267b3d69 | {"sub":"b09cd318-8f3e-4853-8d97-fc10267b3d69","role":"authenticated"} | on

### CASE PRIV|has_table_privilege evaluated as the current (authenticated) role|OK
select has_table_privilege('public.pregnancy_episodes', 'SELECT') as can_select, has_table_privilege('public.pregnancy_episodes', 'INSERT') as can_insert, has_table_privilege('public.pregnancy_episodes', 'UPDATE') as can_update, has_table_privilege('public.pregnancy_episodes', 'DELETE') as can_delete;
 can_select | can_insert | can_update | can_delete 
------------+------------+------------+------------
 t          | f          | f          | f

### CASE SEL-pre|SELECT own (RLS): only E-A1|OK
select id, user_id, status, expected_count from public.pregnancy_episodes order by id;
                  id                  |               user_id                | status | expected_count 
--------------------------------------+--------------------------------------+--------+----------------
 00000000-0000-4c10-8000-00000000ea01 | b09cd318-8f3e-4853-8d97-fc10267b3d69 | active |              1

### CASE INSERT|INSERT valid non-open episode for A|42501
savepoint s1;
SAVEPOINT
insert into public.pregnancy_episodes (id, user_id, lmp_date, due_date, status, ended_at, outcome_date, expected_count) values ('00000000-0000-4c10-8000-00000000ec12', 'b09cd318-8f3e-4853-8d97-fc10267b3d69', date '2025-01-01', date '2025-10-08', 'given_birth', timestamptz '2025-10-01T10:00:00Z', date '2025-10-01', 1);
psql:C1_12_grant_rls_corroboration.sql:22: ERROR:  42501: permission denied for table pregnancy_episodes
HINT:  Grant the required privileges to the current role with: GRANT INSERT ON public.pregnancy_episodes TO authenticated;
LOCATION:  aclcheck_error, aclchk.c:2843
rollback to savepoint s1;
ROLLBACK
### CASE UPDATE|UPDATE own E-A1 expected_count 1 -> 2|42501
savepoint s2;
SAVEPOINT
update public.pregnancy_episodes set expected_count = 2 where id = '00000000-0000-4c10-8000-00000000ea01';
psql:C1_12_grant_rls_corroboration.sql:26: ERROR:  42501: permission denied for table pregnancy_episodes
HINT:  Grant the required privileges to the current role with: GRANT UPDATE ON public.pregnancy_episodes TO authenticated;
LOCATION:  aclcheck_error, aclchk.c:2843
rollback to savepoint s2;
ROLLBACK
### CASE DELETE|DELETE own E-A1|42501
savepoint s3;
SAVEPOINT
delete from public.pregnancy_episodes where id = '00000000-0000-4c10-8000-00000000ea01';
psql:C1_12_grant_rls_corroboration.sql:30: ERROR:  42501: permission denied for table pregnancy_episodes
HINT:  Grant the required privileges to the current role with: GRANT DELETE ON public.pregnancy_episodes TO authenticated;
LOCATION:  aclcheck_error, aclchk.c:2843
rollback to savepoint s3;
ROLLBACK
### CASE SEL-post|SELECT own after denied writes: E-A1 unchanged, B invisible|OK
select id, user_id, status, expected_count from public.pregnancy_episodes order by id;
                  id                  |               user_id                | status | expected_count 
--------------------------------------+--------------------------------------+--------+----------------
 00000000-0000-4c10-8000-00000000ea01 | b09cd318-8f3e-4853-8d97-fc10267b3d69 | active |              1

select count(*) as b_rows_visible from public.pregnancy_episodes where user_id = '820f49d1-2ebc-4bf1-a1e5-f6d32491bbbb';
 b_rows_visible 
----------------
              0

select count(*) as residue from public.pregnancy_episodes where id = '00000000-0000-4c10-8000-00000000ec12';
 residue 
---------
       0

reset role;
RESET
### CASE OWNER|owner view after tests (inside the same transaction)|OK
select current_user, (select count(*) from public.pregnancy_episodes) as episode_rows, (select expected_count from public.pregnancy_episodes where id = '00000000-0000-4c10-8000-00000000ea01') as ea1_expected_count;
 current_user | episode_rows | ea1_expected_count 
--------------+--------------+--------------------
 postgres     |            2 |                  1

=== ROLLBACK
ROLLBACK;
ROLLBACK
=== C1.12 psql corroboration end
[c1_psql_notx] exit=0
