[c1_psql] mode=direct host=db.wwtcnbjhttjtklpxhrkd.supabase.co user=postgres db=postgres port=5432 target=wwtcnbjhttjtklpxhrkd
select now() as checked_at, current_user, version(), (select project_ref || ' / ' || run_label from public.c1_rehearsal_marker) as marker,
 (select count(*) from supabase_migrations.schema_migrations) as history,
 (select count(*) from pg_stat_activity where state='idle in transaction') as idle_in_tx,
 (select count(*) from pg_locks l join pg_class c on c.oid=l.relation join pg_namespace n on n.oid=c.relnamespace where n.nspname='public' and l.mode='AccessExclusiveLock') as access_exclusive,
 (select count(*) from pg_class c join pg_namespace n on n.oid=c.relnamespace where n.nspname='public' and c.relname like 'c1\_scratch%') as scratch;
          checked_at           | current_user |                                    version                                    |                marker                 | history | idle_in_tx | access_exclusive | scratch 
-------------------------------+--------------+-------------------------------------------------------------------------------+---------------------------------------+---------+------------+------------------+---------
 2026-10-06 23:24:02.154716+00 | postgres     | PostgreSQL 17.11 on x86_64-pc-linux-gnu, compiled by gcc (GCC) 15.2.0, 64-bit | wwtcnbjhttjtklpxhrkd / 41B.1A-C1-run1 |      47 |          0 |                0 |       0

select to_regclass('public.pregnancy_episodes')::text as episodes_table,
 (select count(*) from pg_constraint where contype='f' and confrelid='public.pregnancy_episodes'::regclass) as ownership_fks,
 (select count(*) from pg_constraint where contype='f' and confrelid='public.pregnancy_episodes'::regclass and convalidated) as validated,
 (select count(*) from pg_constraint where contype='f' and confrelid='public.pregnancy_episodes'::regclass and confdeltype='r') as restrict_fks,
 (select count(*) from pg_constraint where conname='babies_id_user_id_key') as babies_key,
 (select count(*) from information_schema.columns where table_schema='public' and table_name='journeys' and column_name='current_pregnancy_episode_id') as pointer_col,
 (select count(*) from information_schema.columns where table_schema='public' and column_name='pregnancy_episode_id') as link_cols,
 (select relrowsecurity::text from pg_class where oid='public.pregnancy_episodes'::regclass) as rls,
 (select count(*) from pg_policy where polrelid='public.pregnancy_episodes'::regclass) as policies,
 (select string_agg(privilege_type, ',') from information_schema.role_table_grants where table_schema='public' and table_name='pregnancy_episodes' and grantee='authenticated') as authenticated_priv;
   episodes_table   | ownership_fks | validated | restrict_fks | babies_key | pointer_col | link_cols | rls  | policies | authenticated_priv 
--------------------+---------------+-----------+--------------+------------+-------------+-----------+------+----------+--------------------
 pregnancy_episodes |            13 |        13 |           13 |          1 |           1 |        12 | true |        4 | SELECT

select id, email, created_at from auth.users order by email;
                  id                  |           email           |          created_at           
--------------------------------------+---------------------------+-------------------------------
 b09cd318-8f3e-4853-8d97-fc10267b3d69 | c1-user-a@example.invalid | 2026-10-04 00:23:40.614216+00
 820f49d1-2ebc-4bf1-a1e5-f6d32491bbbb | c1-user-b@example.invalid | 2026-10-04 00:23:40.9959+00
 6e65487d-ddb0-43b6-a623-fb24b5318dab | c1-user-c@example.invalid | 2026-10-04 00:23:41.265866+00

select id, user_id, status, removed_at from public.pregnancy_episodes order by id;
                  id                  |               user_id                |   status    | removed_at 
--------------------------------------+--------------------------------------+-------------+------------
 00000000-0000-4c10-8000-00000000ea01 | b09cd318-8f3e-4853-8d97-fc10267b3d69 | active      | 
 00000000-0000-4c10-8000-00000000eb01 | 820f49d1-2ebc-4bf1-a1e5-f6d32491bbbb | given_birth | 

[c1_psql] exit=0
